// Jest Snapshot v1, https://goo.gl/fbAQLP

exports[`Messages renders an messages component 1`] = `
<div
  className="ui container messages"
>
  <div
    className="ui message"
    value="messages"
  >
    <i
      aria-hidden="true"
      className="close icon"
      onClick={[Function]}
    />
  </div>
</div>
`;
