// Jest Snapshot v1, https://goo.gl/fbAQLP

exports[`renders an image view component 1`] = `
<div
  className="ui container view-wrapper"
>
  <h1
    className="documentFirstHeading"
  >
    Hello World!
  </h1>
  <p
    className="documentDescription"
  >
    Hi
  </p>
  <a
    href="file:///preview.jpg"
  >
    <img
      alt="Hello World!"
      className="responsive"
      fetchpriority="high"
      height={400}
      src="file:///preview.jpg"
      srcSet="file:///preview.jpg 400w"
      style={
        Object {
          "aspectRatio": "400 / 400",
        }
      }
      width={400}
    />
    <figcaption>
      Size: 123 kB
        —  
      Click to download full sized image
    </figcaption>
  </a>
</div>
`;
