// Jest Snapshot v1, https://goo.gl/fbAQLP

exports[`renders an edit image block component 1`] = `
<div
  className="block image align center"
>
  <img
    alt=""
    className="responsive"
    decoding="async"
    loading="lazy"
    src="image"
  />
</div>
`;
