// Jest Snapshot v1, https://goo.gl/fbAQLP

exports[`renders a view image component 1`] = `
<p
  className="block image align center"
>
  <img
    alt=""
    className="responsive"
    fetchpriority="high"
    height={400}
    src="http://localhost:3000/image.png"
    srcSet="http://localhost:3000/image.png/@@images/image/image-400.png 400w"
    style={
      Object {
        "aspectRatio": "400 / 400",
      }
    }
    width={400}
  />
</p>
`;
